// Jest Snapshot v1, https://goo.gl/fbAQLP

exports[`Just a test Should render 1`] = `
<div>
  Hello mtg
</div>
`;
